
> apai-admin@0.1.0 build
> next build

Γû▓ Next.js 16.1.6 (Turbopack)
- Environments: .env.production.local, .env.local

  Creating an optimized production build ...
Γ£ô Compiled successfully in 8.4s
  Running TypeScript ...
node.exe : Failed to compile.
At line:1 char:1
+ & "C:\Program Files\nodejs/node.exe" "C:\Users\Arya\AppData\Roaming\n ...
+ ~~~~~~~~~~~~~~~~~~~~~~~~~~~~~~~~~~~~~~~~~~~~~~~~~~~~~~~~~~~~~~~~~~~~~
    + CategoryInfo          : NotSpecified: (Failed to compile.:String) [], RemoteE 
   xception
    + FullyQualifiedErrorId : NativeCommandError
 

.next/dev/types/validator.ts:125:39
Type error: Cannot find module '../../../src/app/api/admin/auth/register/route.js' 
or its corresponding type declarations.

[0m [90m 123 |[39m {
 [90m 124 |[39m   type __IsExpected[33m<[39m[33mSpecific[39m 
[36mextends[39m [33mRouteHandlerConfig[39m[33m<[39m[32m"/api/admin/auth/regis
ter"[39m[33m>>[39m [33m=[39m [33mSpecific[39m
[31m[1m>[22m[39m[90m 125 |[39m   [36mconst[39m handler [33m=[39m {} 
[36mas[39m [36mtypeof[39m 
[36mimport[39m([32m"../../../src/app/api/admin/auth/register/route.js"[39m)
 [90m     |[39m                                       [31m[1m^[22m[39m
 [90m 126 |[39m   type __Check [33m=[39m 
__IsExpected[33m<[39m[36mtypeof[39m handler[33m>[39m
 [90m 127 |[39m   [90m// @ts-ignore[39m
 [90m 128 |[39m   type __Unused [33m=[39m __Check[0m
Next.js build worker exited with code: 1 and signal: null
